Microchip MPLAB XC8 Compiler V2.40

Linker command line:

-W-3 \
  --edf=C:\Program Files\Microchip\xc8\v2.40\pic\dat\20220703182018_en.msgs \
  -cn -h+dist/default/debug\motor-driver-demo.X.debug.sym \
  --cmf=dist/default/debug\motor-driver-demo.X.debug.cmf -z -Q16F1518 \
  -oC:\Users\Utku\AppData\Local\Temp\xcAs3qs.4 --defsym=__MPLAB_BUILD=1 \
  --fixupoverflow=error -Mdist/default/debug/motor-driver-demo.X.debug.map \
  --md=C:\Users\Utku\AppData\Local\Temp\xcAs3qs.dat -E1 -ver=XC8 Compiler \
  --acfsm=1493 -ACODE=00h-07FFhx8 -ASTRCODE=00h-03FFFh -ASTRING=00h-0FFhx64 \
  -ACONST=00h-0FFhx64 -AENTRY=00h-0FFhx64 -ACOMMON=070h-07Fh \
  -ABANK0=020h-06Fh -ABANK1=0A0h-0EFh -ABANK2=0120h-016Fh \
  -ABANK3=01A0h-01EFh -ABANK4=0220h-026Fh -ABANK5=02A0h-02EFh \
  -ABANK6=0320h-036Fh -ABANK7=03A0h-03EFh -ABANK8=0420h-046Fh \
  -ABANK9=04A0h-04EFh -ABANK10=0520h-056Fh -ABANK11=05A0h-05EFh \
  -ABANK12=0620h-064Fh -ABIGRAM=02000h-023EFh \
  -ARAM=020h-06Fh,0A0h-0EFh,0120h-016Fh,01A0h-01EFh,0220h-026Fh,02A0h-02EFh,0320h-036Fh,03A0h-03EFh,0420h-046Fh,04A0h-04EFh,0520h-056Fh,05A0h-05EFh,0620h-064Fh \
  -AABS1=020h-07Fh,0A0h-0EFh,0120h-016Fh,01A0h-01EFh,0220h-026Fh,02A0h-02EFh,0320h-036Fh,03A0h-03EFh,0420h-046Fh,04A0h-04EFh,0520h-056Fh,05A0h-05EFh,0620h-064Fh \
  -ASFR0=00h-01Fh -ASFR1=080h-09Fh -ASFR2=0100h-011Fh -ASFR3=0180h-019Fh \
  -ASFR4=0200h-021Fh -ASFR5=0280h-029Fh -ASFR6=0300h-031Fh \
  -ASFR7=0380h-039Fh -ASFR8=0400h-041Fh -ASFR9=0480h-049Fh \
  -ASFR10=0500h-051Fh -ASFR11=0580h-059Fh -ASFR12=0600h-061Fh \
  -ASFR13=0680h-06EFh -ASFR14=0700h-076Fh -ASFR15=0780h-07EFh \
  -ASFR16=0800h-086Fh -ASFR17=0880h-08EFh -ASFR18=0900h-096Fh \
  -ASFR19=0980h-09EFh -ASFR20=0A00h-0A6Fh -ASFR21=0A80h-0AEFh \
  -ASFR22=0B00h-0B6Fh -ASFR23=0B80h-0BEFh -ASFR24=0C00h-0C6Fh \
  -ASFR25=0C80h-0CEFh -ASFR26=0D00h-0D6Fh -ASFR27=0D80h-0DEFh \
  -ASFR28=0E00h-0E6Fh -ASFR29=0E80h-0EEFh -ASFR30=0F00h-0F6Fh \
  -ASFR31=0F80h-0FEFh -ACONFIG=08007h-08008h -DCONFIG=2 \
  -AIDLOC=08000h-08003h -DIDLOC=2 -DCODE=2 -DSTRCODE=2 -DSTRING=2 -DCONST=2 \
  -DENTRY=2 -preset_vec=00h,intentry,init,end_init -ppowerup=CODE \
  -pcinit=CODE -pfunctab=ENTRY -k \
  C:\Users\Utku\AppData\Local\Temp\xcAs3qs.o \
  dist/default/debug\motor-driver-demo.X.debug.o 

Object code version is 3.11

Machine type is 16F1518



                Name                               Link     Load   Length Selector   Space Scale
C:\Users\Utku\AppData\Local\Temp\xcAs3qs.o
                end_init                              3        3        2        0       0
                reset_vec                             0        0        3        0       0
                config                             8007     8007        2        0       4
                idloc                              8000     8000        4        0       5
dist/default/debug\motor-driver-demo.X.debug.o
                cinit                               7FA      7FA        6      FF4       0
                config                             8007     8007        2        0       4
                idloc                              8000     8000        4        0       5
                text11                                6        6        4        C       0
                text10                              20D      20D      1AA      41A       0
                text9                               F12      F12       23     1E24       0
                text8                               5BF      5BF      23B      B7E       0
                text7                               F84      F84       7C     1F08       0
                text6                               163      163       AA      2C6       0
                text5                                65       65       7F       CA       0
                text4                                 A        A       5B       14       0
                text3                               3B7      3B7      208      76E       0
                text2                                E4       E4       7F      1C8       0
                text1                               F0A      F0A        8     1E14       0
                maintext                            F35      F35       4F     1E6A       0
                cstackBANK0                          20       20       50       20       1
                cstackCOMMON                         70       70        E       70       1
                cstackBANK1                          A0       A0       16       A0       1
                bssBANK1                             B6       B6        2       A0       1

TOTAL           Name                               Link     Load   Length     Space
        CLASS   CODE           
                end_init                              3        3        2         0
                cinit                               7FA      7FA        6         0
                reset_vec                             0        0        3         0
                text11                                6        6        4         0
                text10                              20D      20D      1AA         0
                text9                               F12      F12       23         0
                text8                               5BF      5BF      23B         0
                text7                               F84      F84       7C         0
                text6                               163      163       AA         0
                text5                                65       65       7F         0
                text4                                 A        A       5B         0
                text3                               3B7      3B7      208         0
                text2                                E4       E4       7F         0
                text1                               F0A      F0A        8         0
                maintext                            F35      F35       4F         0

        CLASS   STRCODE        

        CLASS   STRING         

        CLASS   CONST          

        CLASS   ENTRY          

        CLASS   COMMON         
                cstackCOMMON                         70       70        E         1

        CLASS   BANK0          
                cstackBANK0                          20       20       50         1

        CLASS   BANK1          
                cstackBANK1                          A0       A0       16         1
                bssBANK1                             B6       B6        2         1

        CLASS   BANK2          

        CLASS   BANK3          

        CLASS   BANK4          

        CLASS   BANK5          

        CLASS   BANK6          

        CLASS   BANK7          

        CLASS   BANK8          

        CLASS   BANK9          

        CLASS   BANK10         

        CLASS   BANK11         

        CLASS   BANK12         

        CLASS   BIGRAM         

        CLASS   RAM            

        CLASS   ABS1           
                abs_s1                               7E       7E        2         1

        CLASS   SFR0           

        CLASS   SFR1           

        CLASS   SFR2           

        CLASS   SFR3           

        CLASS   SFR4           

        CLASS   SFR5           

        CLASS   SFR6           

        CLASS   SFR7           

        CLASS   SFR8           

        CLASS   SFR9           

        CLASS   SFR10          

        CLASS   SFR11          

        CLASS   SFR12          

        CLASS   SFR13          

        CLASS   SFR14          

        CLASS   SFR15          

        CLASS   SFR16          

        CLASS   SFR17          

        CLASS   SFR18          

        CLASS   SFR19          

        CLASS   SFR20          

        CLASS   SFR21          

        CLASS   SFR22          

        CLASS   SFR23          

        CLASS   SFR24          

        CLASS   SFR25          

        CLASS   SFR26          

        CLASS   SFR27          

        CLASS   SFR28          

        CLASS   SFR29          

        CLASS   SFR30          

        CLASS   SFR31          

        CLASS   CONFIG         
                config                             8007     8007        2         4

        CLASS   IDLOC          
                idloc                              8000     8000        4         5

        CLASS   BANK31         

        CLASS   BANK30         

        CLASS   BANK29         

        CLASS   BANK28         

        CLASS   BANK27         

        CLASS   BANK26         

        CLASS   BANK25         

        CLASS   BANK24         

        CLASS   BANK23         

        CLASS   BANK22         

        CLASS   BANK21         

        CLASS   BANK20         

        CLASS   BANK19         

        CLASS   BANK18         

        CLASS   BANK17         

        CLASS   BANK16         

        CLASS   BANK15         

        CLASS   BANK14         

        CLASS   BANK13         

        CLASS   HEAP           

        CLASS   STACK          

        CLASS   EEDATA         



SEGMENTS        Name                           Load    Length   Top    Selector   Space  Class     Delta

                reset_vec                      000000  000005  000005         0       0  CODE        2
                text11                         000006  000004  00000A         C       0  CODE        2
                text4                          00000A  00005B  000065        14       0  CODE        2
                cstackBANK0                    000020  000050  000070        20       1  BANK0       1
                cstackCOMMON                   000070  00000E  00007E        70       1  COMMON      1
                cstackBANK1                    0000A0  000018  0000B8        A0       1  BANK1       1
                text5                          000065  00007F  0000E4        CA       0  CODE        2
                text2                          0000E4  00007F  000163       1C8       0  CODE        2
                text6                          000163  0000AA  00020D       2C6       0  CODE        2
                text10                         00020D  0001AA  0003B7       41A       0  CODE        2
                text3                          0003B7  000208  0005BF       76E       0  CODE        2
                text8                          0005BF  00023B  0007FA       B7E       0  CODE        2
                cinit                          0007FA  000006  000800       FF4       0  CODE        2
                text1                          000F0A  000008  000F12      1E14       0  CODE        2
                text9                          000F12  000023  000F35      1E24       0  CODE        2
                maintext                       000F35  00004F  000F84      1E6A       0  CODE        2
                text7                          000F84  00007C  001000      1F08       0  CODE        2


UNUSED ADDRESS RANGES

        Name                Unused          Largest block    Delta
        BANK1            000B8-000EF              38           1
        BANK10           00520-0056F              50           1
        BANK11           005A0-005EF              50           1
        BANK12           00620-0064F              30           1
        BANK2            00120-0016F              50           1
        BANK3            001A0-001EF              50           1
        BANK4            00220-0026F              50           1
        BANK5            002A0-002EF              50           1
        BANK6            00320-0036F              50           1
        BANK7            003A0-003EF              50           1
        BANK8            00420-0046F              50           1
        BANK9            004A0-004EF              50           1
        BIGRAM           02000-023EF             3F0           1
        CODE             00005-00005               1           2
                         00800-00F09             70A
                         01000-03FFF             800
        CONST            00005-00005               1           2
                         00800-00F09             100
                         01000-03FFF             100
        ENTRY            00005-00005               1           2
                         00800-00F09             100
                         01000-03FFF             100
        RAM              000B8-000EF              38           1
                         00120-0016F              50
                         001A0-001EF              50
                         00220-0026F              50
                         002A0-002EF              50
                         00320-0036F              50
                         003A0-003EF              50
                         00420-0046F              50
                         004A0-004EF              50
                         00520-0056F              50
                         005A0-005EF              50
                         00620-0064F              30
        SFR0             00000-0001F              20           1
        SFR1             00080-0009F              20           1
        SFR10            00500-0051F              20           1
        SFR11            00580-0059F              20           1
        SFR12            00600-0061F              20           1
        SFR13            00680-006EF              70           1
        SFR14            00700-0076F              70           1
        SFR15            00780-007EF              70           1
        SFR16            00800-0086F              70           1
        SFR17            00880-008EF              70           1
        SFR18            00900-0096F              70           1
        SFR19            00980-009EF              70           1
        SFR2             00100-0011F              20           1
        SFR20            00A00-00A6F              70           1
        SFR21            00A80-00AEF              70           1
        SFR22            00B00-00B6F              70           1
        SFR23            00B80-00BEF              70           1
        SFR24            00C00-00C6F              70           1
        SFR25            00C80-00CEF              70           1
        SFR26            00D00-00D6F              70           1
        SFR27            00D80-00DEF              70           1
        SFR28            00E00-00E6F              70           1
        SFR29            00E80-00EEF              70           1
        SFR3             00180-0019F              20           1
        SFR30            00F00-00F6F              70           1
        SFR31            00F80-00FEF              70           1
        SFR4             00200-0021F              20           1
        SFR5             00280-0029F              20           1
        SFR6             00300-0031F              20           1
        SFR7             00380-0039F              20           1
        SFR8             00400-0041F              20           1
        SFR9             00480-0049F              20           1
        STRCODE          00005-00005               1           2
                         00800-00F09             70A
                         01000-03FFF            3000
        STRING           00005-00005               1           2
                         00800-00F09             100
                         01000-03FFF             100

                                  Symbol Table

?__Umul8_16                 cstackCOMMON 00070
?___fladd                   cstackBANK0  00054
?___fldiv                   cstackBANK0  0003A
?___flmul                   cstackBANK0  00020
?___fltol                   cstackBANK0  00068
?___xxtofl                  cstackCOMMON 00070
?_pwm_calculate_duty        cstackBANK1  000A2
_ADCON0bits                 (abs)        0009D
_ADCON1bits                 (abs)        0009E
_ADRESH                     (abs)        0009C
_ADRESL                     (abs)        0009B
_ANSELA                     (abs)        0018C
_ANSELAbits                 (abs)        0018C
_ANSELB                     (abs)        0018D
_ANSELC                     (abs)        0018E
_CCP1CONbits                (abs)        00293
_CCPR1L                     (abs)        00291
_OSCCONbits                 (abs)        00099
_PR2                        (abs)        0001B
_RC2                        (abs)        00072
_T2CONbits                  (abs)        0001C
_TMR2                       (abs)        0001A
_TRISA0                     (abs)        00460
_TRISC2                     (abs)        00472
__Habs1                     abs1         00000
__Hbank0                    bank0        00000
__Hbank1                    bank1        00000
__Hbank10                   bank10       00000
__Hbank11                   bank11       00000
__Hbank12                   bank12       00000
__Hbank13                   bank13       00000
__Hbank14                   bank14       00000
__Hbank15                   bank15       00000
__Hbank16                   bank16       00000
__Hbank17                   bank17       00000
__Hbank18                   bank18       00000
__Hbank19                   bank19       00000
__Hbank2                    bank2        00000
__Hbank20                   bank20       00000
__Hbank21                   bank21       00000
__Hbank22                   bank22       00000
__Hbank23                   bank23       00000
__Hbank24                   bank24       00000
__Hbank25                   bank25       00000
__Hbank26                   bank26       00000
__Hbank27                   bank27       00000
__Hbank28                   bank28       00000
__Hbank29                   bank29       00000
__Hbank3                    bank3        00000
__Hbank30                   bank30       00000
__Hbank31                   bank31       00000
__Hbank4                    bank4        00000
__Hbank5                    bank5        00000
__Hbank6                    bank6        00000
__Hbank7                    bank7        00000
__Hbank8                    bank8        00000
__Hbank9                    bank9        00000
__Hbigram                   bigram       00000
__HbssBANK1                 bssBANK1     00000
__Hcinit                    cinit        00800
__Hclrtext                  clrtext      00000
__Hcode                     code         00000
__Hcommon                   common       00000
__Hconfig                   config       08009
__HcstackBANK0              cstackBANK0  00000
__HcstackBANK1              cstackBANK1  00000
__HcstackCOMMON             cstackCOMMON 00000
__Heeprom_data              eeprom_data  00000
__Hend_init                 end_init     00005
__Hfunctab                  functab      00000
__Hheap                     heap         00000
__Hidloc                    idloc        08004
__Hinit                     init         00003
__Hintentry                 intentry     00003
__Hmaintext                 maintext     00000
__Hpowerup                  powerup      00000
__Hram                      ram          00000
__Hreset_vec                reset_vec    00003
__Hsfr0                     sfr0         00000
__Hsfr1                     sfr1         00000
__Hsfr10                    sfr10        00000
__Hsfr11                    sfr11        00000
__Hsfr12                    sfr12        00000
__Hsfr13                    sfr13        00000
__Hsfr14                    sfr14        00000
__Hsfr15                    sfr15        00000
__Hsfr16                    sfr16        00000
__Hsfr17                    sfr17        00000
__Hsfr18                    sfr18        00000
__Hsfr19                    sfr19        00000
__Hsfr2                     sfr2         00000
__Hsfr20                    sfr20        00000
__Hsfr21                    sfr21        00000
__Hsfr22                    sfr22        00000
__Hsfr23                    sfr23        00000
__Hsfr24                    sfr24        00000
__Hsfr25                    sfr25        00000
__Hsfr26                    sfr26        00000
__Hsfr27                    sfr27        00000
__Hsfr28                    sfr28        00000
__Hsfr29                    sfr29        00000
__Hsfr3                     sfr3         00000
__Hsfr30                    sfr30        00000
__Hsfr31                    sfr31        00000
__Hsfr4                     sfr4         00000
__Hsfr5                     sfr5         00000
__Hsfr6                     sfr6         00000
__Hsfr7                     sfr7         00000
__Hsfr8                     sfr8         00000
__Hsfr9                     sfr9         00000
__Hspace_0                  (abs)        01000
__Hspace_1                  (abs)        000B8
__Hspace_2                  (abs)        00000
__Hspace_3                  (abs)        00000
__Hspace_4                  (abs)        10010
__Hstack                    stack        00000
__Hstrings                  strings      00000
__Htext                     text         00000
__Labs1                     abs1         00000
__Lbank0                    bank0        00000
__Lbank1                    bank1        00000
__Lbank10                   bank10       00000
__Lbank11                   bank11       00000
__Lbank12                   bank12       00000
__Lbank13                   bank13       00000
__Lbank14                   bank14       00000
__Lbank15                   bank15       00000
__Lbank16                   bank16       00000
__Lbank17                   bank17       00000
__Lbank18                   bank18       00000
__Lbank19                   bank19       00000
__Lbank2                    bank2        00000
__Lbank20                   bank20       00000
__Lbank21                   bank21       00000
__Lbank22                   bank22       00000
__Lbank23                   bank23       00000
__Lbank24                   bank24       00000
__Lbank25                   bank25       00000
__Lbank26                   bank26       00000
__Lbank27                   bank27       00000
__Lbank28                   bank28       00000
__Lbank29                   bank29       00000
__Lbank3                    bank3        00000
__Lbank30                   bank30       00000
__Lbank31                   bank31       00000
__Lbank4                    bank4        00000
__Lbank5                    bank5        00000
__Lbank6                    bank6        00000
__Lbank7                    bank7        00000
__Lbank8                    bank8        00000
__Lbank9                    bank9        00000
__Lbigram                   bigram       00000
__LbssBANK1                 bssBANK1     00000
__Lcinit                    cinit        007FA
__Lclrtext                  clrtext      00000
__Lcode                     code         00000
__Lcommon                   common       00000
__Lconfig                   config       00000
__LcstackBANK0              cstackBANK0  00000
__LcstackBANK1              cstackBANK1  00000
__LcstackCOMMON             cstackCOMMON 00000
__Leeprom_data              eeprom_data  00000
__Lend_init                 end_init     00003
__Lfunctab                  functab      00000
__Lheap                     heap         00000
__Lidloc                    idloc        00000
__Linit                     init         00003
__Lintentry                 intentry     00003
__Lmaintext                 maintext     00000
__Lpowerup                  powerup      00000
__Lram                      ram          00000
__Lreset_vec                reset_vec    00000
__Lsfr0                     sfr0         00000
__Lsfr1                     sfr1         00000
__Lsfr10                    sfr10        00000
__Lsfr11                    sfr11        00000
__Lsfr12                    sfr12        00000
__Lsfr13                    sfr13        00000
__Lsfr14                    sfr14        00000
__Lsfr15                    sfr15        00000
__Lsfr16                    sfr16        00000
__Lsfr17                    sfr17        00000
__Lsfr18                    sfr18        00000
__Lsfr19                    sfr19        00000
__Lsfr2                     sfr2         00000
__Lsfr20                    sfr20        00000
__Lsfr21                    sfr21        00000
__Lsfr22                    sfr22        00000
__Lsfr23                    sfr23        00000
__Lsfr24                    sfr24        00000
__Lsfr25                    sfr25        00000
__Lsfr26                    sfr26        00000
__Lsfr27                    sfr27        00000
__Lsfr28                    sfr28        00000
__Lsfr29                    sfr29        00000
__Lsfr3                     sfr3         00000
__Lsfr30                    sfr30        00000
__Lsfr31                    sfr31        00000
__Lsfr4                     sfr4         00000
__Lsfr5                     sfr5         00000
__Lsfr6                     sfr6         00000
__Lsfr7                     sfr7         00000
__Lsfr8                     sfr8         00000
__Lsfr9                     sfr9         00000
__Lspace_0                  (abs)        00000
__Lspace_1                  (abs)        00000
__Lspace_2                  (abs)        00000
__Lspace_3                  (abs)        00000
__Lspace_4                  (abs)        00000
__Lstack                    stack        00000
__Lstrings                  strings      00000
__Ltext                     text         00000
__S0                        (abs)        01000
__S1                        (abs)        000B8
__Umul8_16                  text9        00F12
__Umul8_16@multiplicand     cstackCOMMON 00070
__Umul8_16@multiplier       cstackCOMMON 00078
__Umul8_16@product          cstackCOMMON 00074
__Umul8_16@word_mpld        cstackCOMMON 00076
___fladd                    text3        003B7
___fladd@a                  cstackBANK0  00058
___fladd@aexp               cstackBANK0  00065
___fladd@b                  cstackBANK0  00054
___fladd@bexp               cstackBANK0  00066
___fladd@grs                cstackBANK0  00067
___fladd@signs              cstackBANK0  00064
___fldiv                    text10       0020D
___fldiv@a                  cstackBANK0  0003A
___fldiv@aexp               cstackBANK0  00053
___fldiv@b                  cstackBANK0  0003E
___fldiv@bexp               cstackBANK0  00052
___fldiv@grs                cstackBANK0  0004E
___fldiv@new_exp            cstackBANK0  0004C
___fldiv@rem                cstackBANK0  00047
___fldiv@sign               cstackBANK0  0004B
___flmul                    text8        005BF
___flmul@a                  cstackBANK0  00024
___flmul@aexp               cstackBANK0  00032
___flmul@b                  cstackBANK0  00020
___flmul@bexp               cstackBANK0  00033
___flmul@grs                cstackBANK0  0002E
___flmul@prod               cstackBANK0  00034
___flmul@sign               cstackBANK0  0002D
___flmul@temp               cstackBANK0  00038
___fltol                    text7        00F84
___fltol@exp1               cstackBANK1  000A1
___fltol@f1                 cstackBANK0  00068
___fltol@sign1              cstackBANK1  000A0
___heap_hi                  (abs)        00000
___heap_lo                  (abs)        00000
___int_sp                   stack        00000
___latbits                  (abs)        00003
___sp                       stack        00000
___stackhi                  (abs)        00000
___stacklo                  (abs)        00000
___xxtofl                   text6        00163
___xxtofl@arg               cstackCOMMON 0007A
___xxtofl@exp               cstackCOMMON 00079
___xxtofl@sign              cstackCOMMON 00078
___xxtofl@val               cstackCOMMON 00070
__end_of__Umul8_16          text9        00F35
__end_of___fladd            text3        005BF
__end_of___fldiv            text10       003B7
__end_of___flmul            text8        007FA
__end_of___fltol            text7        01000
__end_of___xxtofl           text6        0020D
__end_of__initialization    cinit        007FD
__end_of_intosc_set_freq    text11       0000A
__end_of_main               maintext     00F84
__end_of_pwm1_set_duty      text4        00065
__end_of_pwm_calculate_duty text5        000E4
__end_of_pwm_set_freq       text2        00163
__end_of_tmr2_init          text1        00F12
__initialization            cinit        007FA
__pbssBANK1                 bssBANK1     000B6
__pcstackBANK0              cstackBANK0  00020
__pcstackBANK1              cstackBANK1  000A0
__pcstackCOMMON             cstackCOMMON 00070
__pmaintext                 maintext     00F35
__ptext1                    text1        00F0A
__ptext10                   text10       0020D
__ptext11                   text11       00006
__ptext2                    text2        000E4
__ptext3                    text3        003B7
__ptext4                    text4        0000A
__ptext5                    text5        00065
__ptext6                    text6        00163
__ptext7                    text7        00F84
__ptext8                    text8        005BF
__ptext9                    text9        00F12
_intosc_set_freq            text11       00006
_main                       maintext     00F35
_pwm1_set_duty              text4        0000A
_pwm1_set_duty$686          cstackBANK1  000AE
_pwm_calculate_duty         text5        00065
_pwm_calculate_duty$685     cstackBANK1  000A6
_pwm_set_freq               text2        000E4
_pwm_set_freq$684           cstackBANK1  000A6
_tmr2_init                  text1        00F0A
_value                      bssBANK1     000B6
btemp                       (abs)        0007E
end_of_initialization       cinit        007FD
intlevel0                   functab      00000
intlevel1                   functab      00000
intlevel2                   functab      00000
intlevel3                   functab      00000
intlevel4                   functab      00000
intlevel5                   functab      00000
pwm1_set_duty@duty          cstackBANK1  000B2
pwm1_set_duty@dutyInput     cstackBANK1  000AA
pwm_calculate_duty@duty     cstackBANK1  000A2
pwm_set_freq@freq           cstackBANK1  000A2
reset_vec                   reset_vec    00000
start                       init         00003
start_initialization        cinit        007FA
wtemp0                      (abs)        0007E


MODULE INFORMATION

Module		Function		Class		Link	Load	Size
C:\Program Files\Microchip\xc8\v2.40\pic\sources\c99\common\sprcmul.c
		___flmul       		CODE           	05BF	0000	571

C:\Program Files\Microchip\xc8\v2.40\pic\sources\c99\common\sprcmul.c estimated size: 571

C:\Program Files\Microchip\xc8\v2.40\pic\sources\c99\common\sprcdiv.c
		___fldiv       		CODE           	020D	0000	426

C:\Program Files\Microchip\xc8\v2.40\pic\sources\c99\common\sprcdiv.c estimated size: 426

C:\Program Files\Microchip\xc8\v2.40\pic\sources\c99\common\fltol.c
		___fltol       		CODE           	0F84	0000	124

C:\Program Files\Microchip\xc8\v2.40\pic\sources\c99\common\fltol.c estimated size: 124

./pwm1.h
		_pwm1_set_duty 		CODE           	000A	0000	91

./pwm1.h estimated size: 91

C:\Program Files\Microchip\xc8\v2.40\pic\sources\c99\common\sprcadd.c
		___fladd       		CODE           	03B7	0000	520

C:\Program Files\Microchip\xc8\v2.40\pic\sources\c99\common\sprcadd.c estimated size: 520

./oscillator.h
		_intosc_set_freq		CODE           	0006	0000	4

./oscillator.h estimated size: 4

C:\Program Files\Microchip\xc8\v2.40\pic\sources\c99\common\xxtofl.c
		___xxtofl      		CODE           	0163	0000	170

C:\Program Files\Microchip\xc8\v2.40\pic\sources\c99\common\xxtofl.c estimated size: 170

shared
		__initialization		CODE           	07FA	0000	3

shared estimated size: 3

./tmr2.h
		_tmr2_init     		CODE           	0F0A	0000	8

./tmr2.h estimated size: 8

C:\Program Files\Microchip\xc8\v2.40\pic\sources\c99\common\Umul8_16.c
		__Umul8_16     		CODE           	0F12	0000	35

C:\Program Files\Microchip\xc8\v2.40\pic\sources\c99\common\Umul8_16.c estimated size: 35

main.c
		_main          		CODE           	0F35	0000	79

main.c estimated size: 79

./pwm.h
		_pwm_set_freq  		CODE           	00E4	0000	127
		_pwm_calculate_duty		CODE           	0065	0000	127

./pwm.h estimated size: 254

